---
http_interactions:
- request:
    method: get
    uri: https://flakes-of-wrath-be.herokuapp.com/api/v1/users/1
    body:
      encoding: US-ASCII
      string: ''
    headers:
      User-Agent:
      - Faraday v2.6.0
      Accept-Encoding:
      - gzip;q=1.0,deflate;q=0.6,identity;q=0.3
      Accept:
      - "*/*"
  response:
    status:
      code: 200
      message: OK
    headers:
      Server:
      - Cowboy
      Date:
      - Tue, 08 Nov 2022 18:26:10 GMT
      Connection:
      - keep-alive
      Content-Type:
      - application/json; charset=utf-8
      Etag:
      - W/"fa66faa9d89ec0acb15cccaccf54bca6"
      Cache-Control:
      - max-age=0, private, must-revalidate
      X-Request-Id:
      - 908c6fb8-a1fa-4e6a-b7b8-0bcbe6f92978
      X-Runtime:
      - '0.003833'
      Transfer-Encoding:
      - chunked
      Via:
      - 1.1 vegur
    body:
      encoding: UTF-8
      string: '{"data":{"id":"1","type":"user","attributes":{"name":"bob","favorite_zone":430}}}'
  recorded_at: Tue, 08 Nov 2022 18:26:11 GMT
- request:
    method: get
    uri: https://flakes-of-wrath-be.herokuapp.com/api/v1/users/1/trips
    body:
      encoding: US-ASCII
      string: ''
    headers:
      User-Agent:
      - Faraday v2.6.0
      Accept-Encoding:
      - gzip;q=1.0,deflate;q=0.6,identity;q=0.3
      Accept:
      - "*/*"
  response:
    status:
      code: 200
      message: OK
    headers:
      Server:
      - Cowboy
      Date:
      - Tue, 08 Nov 2022 18:26:11 GMT
      Connection:
      - keep-alive
      Content-Type:
      - application/json; charset=utf-8
      Etag:
      - W/"8bbf3298c8affa8b8bee4e270889d72a"
      Cache-Control:
      - max-age=0, private, must-revalidate
      X-Request-Id:
      - b88caaf0-9a7e-4312-9f7b-fdbf3f8b01e6
      X-Runtime:
      - '0.004817'
      Transfer-Encoding:
      - chunked
      Via:
      - 1.1 vegur
    body:
      encoding: UTF-8
      string: '{"data":[{"id":"1","type":"trip","attributes":{"name":"Adventure is
        out there","zone_id":427,"start_date":"2023-02-03T00:00:00.000Z","description":"very
        moist","user_id":1}},{"id":"2","type":"trip","attributes":{"name":"Prom Night!","zone_id":430,"start_date":"2023-07-03T00:00:00.000Z","description":"#YOLO","user_id":1}},{"id":"3","type":"trip","attributes":{"name":"Avalanche
        Mountain","zone_id":427,"start_date":"2023-12-30T00:00:00.000Z","description":"Head
        over the Snoqualmie Mt Notch, then climb the S ridge of Avalanche Mt","user_id":1}},{"id":"4","type":"trip","attributes":{"name":"Avalanche
        Mountain","zone_id":427,"start_date":"2023-12-30T00:00:00.000Z","description":"Head
        over the Snoqualmie Mt Notch, then climb the S ridge of Avalanche Mt","user_id":1}},{"id":"5","type":"trip","attributes":{"name":"Avalanche
        Mountain","zone_id":427,"start_date":"2023-12-30T00:00:00.000Z","description":"Head
        over the Snoqualmie Mt Notch, then climb the S ridge of Avalanche Mt","user_id":1}},{"id":"7","type":"trip","attributes":{"name":"Avalanche
        Mountain","zone_id":427,"start_date":"2023-12-30T00:00:00.000Z","description":"Head
        over the Snoqualmie Mt Notch, then climb the S ridge of Avalanche Mt","user_id":1}}]}'
  recorded_at: Tue, 08 Nov 2022 18:26:11 GMT
- request:
    method: get
    uri: https://flakes-of-wrath-be.herokuapp.com/api/v1/areas/427
    body:
      encoding: US-ASCII
      string: ''
    headers:
      User-Agent:
      - Faraday v2.6.0
      Accept-Encoding:
      - gzip;q=1.0,deflate;q=0.6,identity;q=0.3
      Accept:
      - "*/*"
  response:
    status:
      code: 200
      message: OK
    headers:
      Server:
      - Cowboy
      Date:
      - Tue, 08 Nov 2022 18:26:12 GMT
      Connection:
      - keep-alive
      Content-Type:
      - application/json; charset=utf-8
      Etag:
      - W/"a7446e3e71e3ad0be7a76826dead2f5c"
      Cache-Control:
      - max-age=0, private, must-revalidate
      X-Request-Id:
      - fcc2d638-7f47-43d5-8de8-c1a059d6580a
      X-Runtime:
      - '0.755170'
      Transfer-Encoding:
      - chunked
      Via:
      - 1.1 vegur
    body:
      encoding: UTF-8
      string: '{"data":{"id":"427","type":"area","attributes":{"current_av_risk":-1,"start_date":"2022-11-04T22:00:00","end_date":"2022-11-17T02:30:00","name":"Snoqualmie
        Pass","state":"WA","travel_advice":"Watch for signs of unstable snow such
        as recent avalanches, cracking in the snow, and audible collapsing. Avoid
        traveling on or under similar slopes.","url":"http://www.nwac.us/avalanche-forecast/#/snoqualmie-pass","av_danger":[-1,1,1,1,1,1,1,1],"lat_long":[47.43,-121.42]}}}'
  recorded_at: Tue, 08 Nov 2022 18:26:13 GMT
recorded_with: VCR 6.1.0
