---
http_interactions:
- request:
    method: get
    uri: https://flakes-of-wrath-be.herokuapp.com/api/v1/users/1
    body:
      encoding: US-ASCII
      string: ''
    headers:
      User-Agent:
      - Faraday v2.6.0
      Accept-Encoding:
      - gzip;q=1.0,deflate;q=0.6,identity;q=0.3
      Accept:
      - "*/*"
  response:
    status:
      code: 200
      message: OK
    headers:
      Server:
      - Cowboy
      Date:
      - Tue, 08 Nov 2022 04:09:18 GMT
      Connection:
      - keep-alive
      Content-Type:
      - application/json; charset=utf-8
      Etag:
      - W/"fb50acf9158d0b39d8501cc4858de0c0"
      Cache-Control:
      - max-age=0, private, must-revalidate
      X-Request-Id:
      - efdd334e-953c-488c-a866-aa65bf9a5c40
      X-Runtime:
      - '0.004504'
      Transfer-Encoding:
      - chunked
      Via:
      - 1.1 vegur
    body:
      encoding: UTF-8
      string: '{"data":{"id":"1","type":"user","attributes":{"name":"bob","favorite_zone":419}}}'
  recorded_at: Tue, 08 Nov 2022 04:09:18 GMT
- request:
    method: get
    uri: https://flakes-of-wrath-be.herokuapp.com/api/v1/users/1/emergency_contacts
    body:
      encoding: US-ASCII
      string: ''
    headers:
      User-Agent:
      - Faraday v2.6.0
      Accept-Encoding:
      - gzip;q=1.0,deflate;q=0.6,identity;q=0.3
      Accept:
      - "*/*"
  response:
    status:
      code: 200
      message: OK
    headers:
      Server:
      - Cowboy
      Date:
      - Tue, 08 Nov 2022 04:09:18 GMT
      Connection:
      - keep-alive
      Content-Type:
      - application/json; charset=utf-8
      Etag:
      - W/"f670bbf60f248fe9e512dd6ec78c57f3"
      Cache-Control:
      - max-age=0, private, must-revalidate
      X-Request-Id:
      - 7ab824cc-b1d1-45cc-bee2-9fb3c04b8a9e
      X-Runtime:
      - '0.004630'
      Transfer-Encoding:
      - chunked
      Via:
      - 1.1 vegur
    body:
      encoding: UTF-8
      string: '{"data":[{"id":"1","type":"emergency_contact","attributes":{"name":"mommy","phone_number":"1
        800 588 2300","user_id":1}},{"id":"2","type":"emergency_contact","attributes":{"name":"Darth
        Vader","phone_number":"911","user_id":1}}]}'
  recorded_at: Tue, 08 Nov 2022 04:09:18 GMT
- request:
    method: get
    uri: https://flakes-of-wrath-be.herokuapp.com/api/v1/users/1/emergency_contacts
    body:
      encoding: US-ASCII
      string: ''
    headers:
      User-Agent:
      - Faraday v2.6.0
      Accept-Encoding:
      - gzip;q=1.0,deflate;q=0.6,identity;q=0.3
      Accept:
      - "*/*"
  response:
    status:
      code: 200
      message: OK
    headers:
      Server:
      - Cowboy
      Date:
      - Tue, 08 Nov 2022 04:09:18 GMT
      Connection:
      - keep-alive
      Content-Type:
      - application/json; charset=utf-8
      Etag:
      - W/"f670bbf60f248fe9e512dd6ec78c57f3"
      Cache-Control:
      - max-age=0, private, must-revalidate
      X-Request-Id:
      - 736fe8e1-9953-4329-b6bf-6b90575f5ed7
      X-Runtime:
      - '0.004193'
      Transfer-Encoding:
      - chunked
      Via:
      - 1.1 vegur
    body:
      encoding: UTF-8
      string: '{"data":[{"id":"1","type":"emergency_contact","attributes":{"name":"mommy","phone_number":"1
        800 588 2300","user_id":1}},{"id":"2","type":"emergency_contact","attributes":{"name":"Darth
        Vader","phone_number":"911","user_id":1}}]}'
  recorded_at: Tue, 08 Nov 2022 04:09:19 GMT
recorded_with: VCR 6.1.0
