---
http_interactions:
- request:
    method: get
    uri: http://localhost:5000/api/v1/users/1
    body:
      encoding: US-ASCII
      string: ''
    headers:
      User-Agent:
      - Faraday v2.6.0
      Accept-Encoding:
      - gzip;q=1.0,deflate;q=0.6,identity;q=0.3
      Accept:
      - "*/*"
  response:
    status:
      code: 200
      message: OK
    headers:
      Content-Type:
      - application/json; charset=utf-8
      Etag:
      - W/"fb50acf9158d0b39d8501cc4858de0c0"
      Cache-Control:
      - max-age=0, private, must-revalidate
      X-Request-Id:
      - 6c2d8f2c-42ae-4c60-b08c-187d96f9868e
      X-Runtime:
      - '0.001439'
      Transfer-Encoding:
      - chunked
    body:
      encoding: UTF-8
      string: '{"data":{"id":"1","type":"user","attributes":{"name":"bob","favorite_zone":419}}}'
  recorded_at: Wed, 09 Nov 2022 03:37:24 GMT
- request:
    method: get
    uri: http://localhost:5000/api/v1/users/1/emergency_contacts
    body:
      encoding: US-ASCII
      string: ''
    headers:
      User-Agent:
      - Faraday v2.6.0
      Accept-Encoding:
      - gzip;q=1.0,deflate;q=0.6,identity;q=0.3
      Accept:
      - "*/*"
  response:
    status:
      code: 200
      message: OK
    headers:
      Content-Type:
      - application/json; charset=utf-8
      Etag:
      - W/"9d1cfb1cca32621ceea05fd57f24da3e"
      Cache-Control:
      - max-age=0, private, must-revalidate
      X-Request-Id:
      - 23d9ee91-18ab-43f5-8d21-9218bd74a12b
      X-Runtime:
      - '0.002110'
      Transfer-Encoding:
      - chunked
    body:
      encoding: UTF-8
      string: '{"data":[{"id":"1","type":"emergency_contact","attributes":{"name":"Not
        the contact you wanna call","phone_number":"1 800 588 2300","user_id":1}},{"id":"2","type":"emergency_contact","attributes":{"name":"Not
        the one","phone_number":"911","user_id":1}}]}'
  recorded_at: Wed, 09 Nov 2022 03:37:24 GMT
- request:
    method: get
    uri: http://localhost:5000/api/v1/users/1/emergency_contacts
    body:
      encoding: US-ASCII
      string: ''
    headers:
      User-Agent:
      - Faraday v2.6.0
      Accept-Encoding:
      - gzip;q=1.0,deflate;q=0.6,identity;q=0.3
      Accept:
      - "*/*"
  response:
    status:
      code: 200
      message: OK
    headers:
      Content-Type:
      - application/json; charset=utf-8
      Etag:
      - W/"9d1cfb1cca32621ceea05fd57f24da3e"
      Cache-Control:
      - max-age=0, private, must-revalidate
      X-Request-Id:
      - ccaa0d40-9cbe-4f95-a0ac-929492661430
      X-Runtime:
      - '0.003609'
      Transfer-Encoding:
      - chunked
    body:
      encoding: UTF-8
      string: '{"data":[{"id":"1","type":"emergency_contact","attributes":{"name":"Not
        the contact you wanna call","phone_number":"1 800 588 2300","user_id":1}},{"id":"2","type":"emergency_contact","attributes":{"name":"Not
        the one","phone_number":"911","user_id":1}}]}'
  recorded_at: Wed, 09 Nov 2022 03:37:24 GMT
- request:
    method: get
    uri: http://localhost:5000/api/v1/users/1/emergency_contacts/1
    body:
      encoding: US-ASCII
      string: ''
    headers:
      User-Agent:
      - Faraday v2.6.0
      Accept-Encoding:
      - gzip;q=1.0,deflate;q=0.6,identity;q=0.3
      Accept:
      - "*/*"
  response:
    status:
      code: 200
      message: OK
    headers:
      Content-Type:
      - application/json; charset=utf-8
      Etag:
      - W/"34d30c643c027f955a1fd8bf276a84d5"
      Cache-Control:
      - max-age=0, private, must-revalidate
      X-Request-Id:
      - fe1af24f-3aaa-45fa-aadd-8a25e90e2c91
      X-Runtime:
      - '0.001481'
      Transfer-Encoding:
      - chunked
    body:
      encoding: UTF-8
      string: '{"data":{"id":"1","type":"emergency_contact","attributes":{"name":"Not
        the contact you wanna call","phone_number":"1 800 588 2300","user_id":1}}}'
  recorded_at: Wed, 09 Nov 2022 03:37:24 GMT
- request:
    method: get
    uri: http://localhost:5000/api/v1/users/1/emergency_contacts
    body:
      encoding: US-ASCII
      string: ''
    headers:
      User-Agent:
      - Faraday v2.6.0
      Accept-Encoding:
      - gzip;q=1.0,deflate;q=0.6,identity;q=0.3
      Accept:
      - "*/*"
  response:
    status:
      code: 200
      message: OK
    headers:
      Content-Type:
      - application/json; charset=utf-8
      Etag:
      - W/"9d1cfb1cca32621ceea05fd57f24da3e"
      Cache-Control:
      - max-age=0, private, must-revalidate
      X-Request-Id:
      - 58877ad5-a2c0-4ebf-b0b4-035e89c00238
      X-Runtime:
      - '0.002273'
      Transfer-Encoding:
      - chunked
    body:
      encoding: UTF-8
      string: '{"data":[{"id":"1","type":"emergency_contact","attributes":{"name":"Not
        the contact you wanna call","phone_number":"1 800 588 2300","user_id":1}},{"id":"2","type":"emergency_contact","attributes":{"name":"Not
        the one","phone_number":"911","user_id":1}}]}'
  recorded_at: Wed, 09 Nov 2022 03:37:24 GMT
- request:
    method: get
    uri: http://localhost:5000/api/v1/users/1/emergency_contacts/2
    body:
      encoding: US-ASCII
      string: ''
    headers:
      User-Agent:
      - Faraday v2.6.0
      Accept-Encoding:
      - gzip;q=1.0,deflate;q=0.6,identity;q=0.3
      Accept:
      - "*/*"
  response:
    status:
      code: 200
      message: OK
    headers:
      Content-Type:
      - application/json; charset=utf-8
      Etag:
      - W/"5f116013433dae9e70dda4de0a37e8c0"
      Cache-Control:
      - max-age=0, private, must-revalidate
      X-Request-Id:
      - 8b1116d7-df23-4d00-aafa-a9780ba9cf96
      X-Runtime:
      - '0.001683'
      Transfer-Encoding:
      - chunked
    body:
      encoding: UTF-8
      string: '{"data":{"id":"2","type":"emergency_contact","attributes":{"name":"Not
        the one","phone_number":"911","user_id":1}}}'
  recorded_at: Wed, 09 Nov 2022 03:37:24 GMT
recorded_with: VCR 6.1.0
