---
http_interactions:
- request:
    method: get
    uri: https://flakes-of-wrath-be.herokuapp.com/api/v1/users/1
    body:
      encoding: US-ASCII
      string: ''
    headers:
      User-Agent:
      - Faraday v2.6.0
      Accept-Encoding:
      - gzip;q=1.0,deflate;q=0.6,identity;q=0.3
      Accept:
      - "*/*"
  response:
    status:
      code: 200
      message: OK
    headers:
      Server:
      - Cowboy
      Date:
      - Tue, 08 Nov 2022 19:02:40 GMT
      Connection:
      - keep-alive
      Content-Type:
      - application/json; charset=utf-8
      Etag:
      - W/"fb50acf9158d0b39d8501cc4858de0c0"
      Cache-Control:
      - max-age=0, private, must-revalidate
      X-Request-Id:
      - 1149bcde-e55b-42f7-852c-b8e05cd82309
      X-Runtime:
      - '0.004285'
      Transfer-Encoding:
      - chunked
      Via:
      - 1.1 vegur
    body:
      encoding: UTF-8
      string: '{"data":{"id":"1","type":"user","attributes":{"name":"bob","favorite_zone":419}}}'
  recorded_at: Tue, 08 Nov 2022 19:02:40 GMT
- request:
    method: get
    uri: https://flakes-of-wrath-be.herokuapp.com/api/v1/users/1/emergency_contacts
    body:
      encoding: US-ASCII
      string: ''
    headers:
      User-Agent:
      - Faraday v2.6.0
      Accept-Encoding:
      - gzip;q=1.0,deflate;q=0.6,identity;q=0.3
      Accept:
      - "*/*"
  response:
    status:
      code: 200
      message: OK
    headers:
      Server:
      - Cowboy
      Date:
      - Tue, 08 Nov 2022 19:02:40 GMT
      Connection:
      - keep-alive
      Content-Type:
      - application/json; charset=utf-8
      Etag:
      - W/"f670bbf60f248fe9e512dd6ec78c57f3"
      Cache-Control:
      - max-age=0, private, must-revalidate
      X-Request-Id:
      - 6d121b89-ab01-4312-863f-950c198ee9ba
      X-Runtime:
      - '0.003888'
      Transfer-Encoding:
      - chunked
      Via:
      - 1.1 vegur
    body:
      encoding: UTF-8
      string: '{"data":[{"id":"1","type":"emergency_contact","attributes":{"name":"mommy","phone_number":"1
        800 588 2300","user_id":1}},{"id":"2","type":"emergency_contact","attributes":{"name":"Darth
        Vader","phone_number":"911","user_id":1}}]}'
  recorded_at: Tue, 08 Nov 2022 19:02:40 GMT
- request:
    method: get
    uri: https://flakes-of-wrath-be.herokuapp.com/api/v1/users/1/emergency_contacts/1
    body:
      encoding: US-ASCII
      string: ''
    headers:
      User-Agent:
      - Faraday v2.6.0
      Accept-Encoding:
      - gzip;q=1.0,deflate;q=0.6,identity;q=0.3
      Accept:
      - "*/*"
  response:
    status:
      code: 200
      message: OK
    headers:
      Server:
      - Cowboy
      Date:
      - Tue, 08 Nov 2022 19:02:40 GMT
      Connection:
      - keep-alive
      Content-Type:
      - application/json; charset=utf-8
      Etag:
      - W/"80d1c5bd2cab1c8c0ec5648dae69b2b0"
      Cache-Control:
      - max-age=0, private, must-revalidate
      X-Request-Id:
      - 88f13168-f5ba-4c3a-a839-133d7cbf0d2d
      X-Runtime:
      - '0.003724'
      Transfer-Encoding:
      - chunked
      Via:
      - 1.1 vegur
    body:
      encoding: UTF-8
      string: '{"data":{"id":"1","type":"emergency_contact","attributes":{"name":"mommy","phone_number":"1
        800 588 2300","user_id":1}}}'
  recorded_at: Tue, 08 Nov 2022 19:02:41 GMT
- request:
    method: get
    uri: https://flakes-of-wrath-be.herokuapp.com/api/v1/users/1/emergency_contacts
    body:
      encoding: US-ASCII
      string: ''
    headers:
      User-Agent:
      - Faraday v2.6.0
      Accept-Encoding:
      - gzip;q=1.0,deflate;q=0.6,identity;q=0.3
      Accept:
      - "*/*"
  response:
    status:
      code: 200
      message: OK
    headers:
      Server:
      - Cowboy
      Date:
      - Tue, 08 Nov 2022 19:02:40 GMT
      Connection:
      - keep-alive
      Content-Type:
      - application/json; charset=utf-8
      Etag:
      - W/"f670bbf60f248fe9e512dd6ec78c57f3"
      Cache-Control:
      - max-age=0, private, must-revalidate
      X-Request-Id:
      - 1c92394b-86b8-49ee-bdb1-29e45df65632
      X-Runtime:
      - '0.003750'
      Transfer-Encoding:
      - chunked
      Via:
      - 1.1 vegur
    body:
      encoding: UTF-8
      string: '{"data":[{"id":"1","type":"emergency_contact","attributes":{"name":"mommy","phone_number":"1
        800 588 2300","user_id":1}},{"id":"2","type":"emergency_contact","attributes":{"name":"Darth
        Vader","phone_number":"911","user_id":1}}]}'
  recorded_at: Tue, 08 Nov 2022 19:02:41 GMT
recorded_with: VCR 6.1.0
