---
http_interactions:
- request:
    method: get
    uri: https://flakes-of-wrath-be.herokuapp.com/api/v1/users/1
    body:
      encoding: US-ASCII
      string: ''
    headers:
      User-Agent:
      - Faraday v2.6.0
      Accept-Encoding:
      - gzip;q=1.0,deflate;q=0.6,identity;q=0.3
      Accept:
      - "*/*"
  response:
    status:
      code: 200
      message: OK
    headers:
      Server:
      - Cowboy
      Date:
      - Tue, 08 Nov 2022 18:25:05 GMT
      Connection:
      - keep-alive
      Content-Type:
      - application/json; charset=utf-8
      Etag:
      - W/"fb50acf9158d0b39d8501cc4858de0c0"
      Cache-Control:
      - max-age=0, private, must-revalidate
      X-Request-Id:
      - b7ec9abf-2d59-4e71-ae2d-0660cbd73e3a
      X-Runtime:
      - '0.004035'
      Transfer-Encoding:
      - chunked
      Via:
      - 1.1 vegur
    body:
      encoding: UTF-8
      string: '{"data":{"id":"1","type":"user","attributes":{"name":"bob","favorite_zone":419}}}'
  recorded_at: Tue, 08 Nov 2022 18:25:05 GMT
- request:
    method: get
    uri: https://flakes-of-wrath-be.herokuapp.com/api/v1/users/1/trips
    body:
      encoding: US-ASCII
      string: ''
    headers:
      User-Agent:
      - Faraday v2.6.0
      Accept-Encoding:
      - gzip;q=1.0,deflate;q=0.6,identity;q=0.3
      Accept:
      - "*/*"
  response:
    status:
      code: 200
      message: OK
    headers:
      Server:
      - Cowboy
      Date:
      - Tue, 08 Nov 2022 18:25:05 GMT
      Connection:
      - keep-alive
      Content-Type:
      - application/json; charset=utf-8
      Etag:
      - W/"b9150395020d7f832b9c11d8962f262c"
      Cache-Control:
      - max-age=0, private, must-revalidate
      X-Request-Id:
      - 331708f2-1bef-41ec-b591-5c45ccaf8e05
      X-Runtime:
      - '0.004856'
      Transfer-Encoding:
      - chunked
      Via:
      - 1.1 vegur
    body:
      encoding: UTF-8
      string: '{"data":[{"id":"1","type":"trip","attributes":{"name":"Adventure is
        out there","zone_id":427,"start_date":"2023-02-03T00:00:00.000Z","description":"very
        moist","user_id":1}},{"id":"2","type":"trip","attributes":{"name":"Prom Night!","zone_id":430,"start_date":"2023-07-03T00:00:00.000Z","description":"#YOLO","user_id":1}},{"id":"3","type":"trip","attributes":{"name":"Avalanche
        Mountain","zone_id":427,"start_date":"2023-12-30T00:00:00.000Z","description":"Head
        over the Snoqualmie Mt Notch, then climb the S ridge of Avalanche Mt","user_id":1}},{"id":"4","type":"trip","attributes":{"name":"Avalanche
        Mountain","zone_id":427,"start_date":"2023-12-30T00:00:00.000Z","description":"Head
        over the Snoqualmie Mt Notch, then climb the S ridge of Avalanche Mt","user_id":1}},{"id":"5","type":"trip","attributes":{"name":"Avalanche
        Mountain","zone_id":427,"start_date":"2023-12-30T00:00:00.000Z","description":"Head
        over the Snoqualmie Mt Notch, then climb the S ridge of Avalanche Mt","user_id":1}}]}'
  recorded_at: Tue, 08 Nov 2022 18:25:05 GMT
- request:
    method: get
    uri: https://flakes-of-wrath-be.herokuapp.com/api/v1/users/1/trips
    body:
      encoding: US-ASCII
      string: ''
    headers:
      User-Agent:
      - Faraday v2.6.0
      Accept-Encoding:
      - gzip;q=1.0,deflate;q=0.6,identity;q=0.3
      Accept:
      - "*/*"
  response:
    status:
      code: 200
      message: OK
    headers:
      Server:
      - Cowboy
      Date:
      - Tue, 08 Nov 2022 18:25:06 GMT
      Connection:
      - keep-alive
      Content-Type:
      - application/json; charset=utf-8
      Etag:
      - W/"b9150395020d7f832b9c11d8962f262c"
      Cache-Control:
      - max-age=0, private, must-revalidate
      X-Request-Id:
      - a646c820-5103-45fc-883c-2602fa111a0e
      X-Runtime:
      - '0.004515'
      Transfer-Encoding:
      - chunked
      Via:
      - 1.1 vegur
    body:
      encoding: UTF-8
      string: '{"data":[{"id":"1","type":"trip","attributes":{"name":"Adventure is
        out there","zone_id":427,"start_date":"2023-02-03T00:00:00.000Z","description":"very
        moist","user_id":1}},{"id":"2","type":"trip","attributes":{"name":"Prom Night!","zone_id":430,"start_date":"2023-07-03T00:00:00.000Z","description":"#YOLO","user_id":1}},{"id":"3","type":"trip","attributes":{"name":"Avalanche
        Mountain","zone_id":427,"start_date":"2023-12-30T00:00:00.000Z","description":"Head
        over the Snoqualmie Mt Notch, then climb the S ridge of Avalanche Mt","user_id":1}},{"id":"4","type":"trip","attributes":{"name":"Avalanche
        Mountain","zone_id":427,"start_date":"2023-12-30T00:00:00.000Z","description":"Head
        over the Snoqualmie Mt Notch, then climb the S ridge of Avalanche Mt","user_id":1}},{"id":"5","type":"trip","attributes":{"name":"Avalanche
        Mountain","zone_id":427,"start_date":"2023-12-30T00:00:00.000Z","description":"Head
        over the Snoqualmie Mt Notch, then climb the S ridge of Avalanche Mt","user_id":1}}]}'
  recorded_at: Tue, 08 Nov 2022 18:25:06 GMT
- request:
    method: post
    uri: https://flakes-of-wrath-be.herokuapp.com/api/v1/users/1/trips?action=create&commit=Create&controller=trips&description=Head%20over%20the%20Snoqualmie%20Mt%20Notch,%20then%20climb%20the%20S%20ridge%20of%20Avalanche%20Mt&format=1&name=Avalanche%20Mountain&start_date=30/12/2023&user_id=1&utf8=%E2%9C%93&zone_id=427
    body:
      encoding: UTF-8
      string: ''
    headers:
      User-Agent:
      - Faraday v2.6.0
      Content-Length:
      - '0'
      Accept-Encoding:
      - gzip;q=1.0,deflate;q=0.6,identity;q=0.3
      Accept:
      - "*/*"
  response:
    status:
      code: 201
      message: Created
    headers:
      Server:
      - Cowboy
      Date:
      - Tue, 08 Nov 2022 18:25:06 GMT
      Connection:
      - keep-alive
      Content-Type:
      - application/json; charset=utf-8
      Etag:
      - W/"31e791023f70630ddd2ba3d507d9f762"
      Cache-Control:
      - max-age=0, private, must-revalidate
      X-Request-Id:
      - b80b155d-8c23-4822-9d02-a57c4cee2424
      X-Runtime:
      - '0.009990'
      Transfer-Encoding:
      - chunked
      Via:
      - 1.1 vegur
    body:
      encoding: UTF-8
      string: '{"data":{"id":"7","type":"trip","attributes":{"name":"Avalanche Mountain","zone_id":427,"start_date":"2023-12-30T00:00:00.000Z","description":"Head
        over the Snoqualmie Mt Notch, then climb the S ridge of Avalanche Mt","user_id":1}}}'
  recorded_at: Tue, 08 Nov 2022 18:25:06 GMT
recorded_with: VCR 6.1.0
