---
http_interactions:
- request:
    method: get
    uri: http://localhost:5000/api/v1/users/1
    body:
      encoding: US-ASCII
      string: ''
    headers:
      User-Agent:
      - Faraday v2.6.0
      Accept-Encoding:
      - gzip;q=1.0,deflate;q=0.6,identity;q=0.3
      Accept:
      - "*/*"
  response:
    status:
      code: 200
      message: OK
    headers:
      Content-Type:
      - application/json; charset=utf-8
      Etag:
      - W/"69136f84e19ea9af12ca868594d93634"
      Cache-Control:
      - max-age=0, private, must-revalidate
      X-Request-Id:
      - d766d66e-d779-4c8a-a049-73fb264568e4
      X-Runtime:
      - '0.002488'
      Transfer-Encoding:
      - chunked
    body:
      encoding: UTF-8
      string: '{"data":{"id":"1","type":"user","attributes":{"name":"bob","favorite_zone":427}}}'
  recorded_at: Wed, 09 Nov 2022 16:42:48 GMT
- request:
    method: get
    uri: http://localhost:5000/api/v1/users/1/trips
    body:
      encoding: US-ASCII
      string: ''
    headers:
      User-Agent:
      - Faraday v2.6.0
      Accept-Encoding:
      - gzip;q=1.0,deflate;q=0.6,identity;q=0.3
      Accept:
      - "*/*"
  response:
    status:
      code: 200
      message: OK
    headers:
      Content-Type:
      - application/json; charset=utf-8
      Etag:
      - W/"b153c03aaee55effa45ffeb389d10183"
      Cache-Control:
      - max-age=0, private, must-revalidate
      X-Request-Id:
      - e483ad66-1f25-47bd-a518-ee40eb73b8c4
      X-Runtime:
      - '0.002233'
      Transfer-Encoding:
      - chunked
    body:
      encoding: UTF-8
      string: '{"data":[{"id":"1","type":"trip","attributes":{"name":"Adventure is
        out there","zone_id":427,"start_date":"2023-02-03T00:00:00.000Z","description":"very
        moist","user_id":1}},{"id":"2","type":"trip","attributes":{"name":"Prom Night!","zone_id":430,"start_date":"2023-07-03T00:00:00.000Z","description":"#YOLO","user_id":1}}]}'
  recorded_at: Wed, 09 Nov 2022 16:42:48 GMT
- request:
    method: get
    uri: http://localhost:5000/api/v1/areas/427
    body:
      encoding: US-ASCII
      string: ''
    headers:
      User-Agent:
      - Faraday v2.6.0
      Accept-Encoding:
      - gzip;q=1.0,deflate;q=0.6,identity;q=0.3
      Accept:
      - "*/*"
  response:
    status:
      code: 200
      message: OK
    headers:
      Content-Type:
      - application/json; charset=utf-8
      Etag:
      - W/"a7446e3e71e3ad0be7a76826dead2f5c"
      Cache-Control:
      - max-age=0, private, must-revalidate
      X-Request-Id:
      - 96c61341-b088-45c4-92e0-4b35a6430686
      X-Runtime:
      - '0.538274'
      Transfer-Encoding:
      - chunked
    body:
      encoding: UTF-8
      string: '{"data":{"id":"427","type":"area","attributes":{"current_av_risk":-1,"start_date":"2022-11-04T22:00:00","end_date":"2022-11-17T02:30:00","name":"Snoqualmie
        Pass","state":"WA","travel_advice":"Watch for signs of unstable snow such
        as recent avalanches, cracking in the snow, and audible collapsing. Avoid
        traveling on or under similar slopes.","url":"http://www.nwac.us/avalanche-forecast/#/snoqualmie-pass","av_danger":[-1,1,1,1,1,1,1,1],"lat_long":[47.43,-121.42]}}}'
  recorded_at: Wed, 09 Nov 2022 16:42:48 GMT
recorded_with: VCR 6.1.0
