---
http_interactions:
- request:
    method: get
    uri: http://localhost:5000/api/v1/users/1
    body:
      encoding: US-ASCII
      string: ''
    headers:
      User-Agent:
      - Faraday v2.6.0
      Accept-Encoding:
      - gzip;q=1.0,deflate;q=0.6,identity;q=0.3
      Accept:
      - "*/*"
  response:
    status:
      code: 200
      message: OK
    headers:
      Content-Type:
      - application/json; charset=utf-8
      Etag:
      - W/"fb50acf9158d0b39d8501cc4858de0c0"
      Cache-Control:
      - max-age=0, private, must-revalidate
      X-Request-Id:
      - d501f614-aa07-4960-9e62-1bd5916f5934
      X-Runtime:
      - '0.001517'
      Transfer-Encoding:
      - chunked
    body:
      encoding: UTF-8
      string: '{"data":{"id":"1","type":"user","attributes":{"name":"bob","favorite_zone":419}}}'
  recorded_at: Wed, 09 Nov 2022 03:37:27 GMT
- request:
    method: get
    uri: http://localhost:5000/api/v1/users/1/trips
    body:
      encoding: US-ASCII
      string: ''
    headers:
      User-Agent:
      - Faraday v2.6.0
      Accept-Encoding:
      - gzip;q=1.0,deflate;q=0.6,identity;q=0.3
      Accept:
      - "*/*"
  response:
    status:
      code: 200
      message: OK
    headers:
      Content-Type:
      - application/json; charset=utf-8
      Etag:
      - W/"900a105d53b32a7c4eaab1783b773551"
      Cache-Control:
      - max-age=0, private, must-revalidate
      X-Request-Id:
      - d66ef4c8-cbed-457f-92ca-4350929465c4
      X-Runtime:
      - '0.001966'
      Transfer-Encoding:
      - chunked
    body:
      encoding: UTF-8
      string: '{"data":[{"id":"1","type":"trip","attributes":{"name":"Adventure is
        out there","zone_id":427,"start_date":"2023-02-03T00:00:00.000Z","description":"very
        moist","user_id":1}},{"id":"2","type":"trip","attributes":{"name":"Prom Night!","zone_id":430,"start_date":"2023-07-03T00:00:00.000Z","description":"#YOLO","user_id":1}},{"id":"3","type":"trip","attributes":{"name":"Avalanche
        Mountain","zone_id":427,"start_date":"2023-12-30T00:00:00.000Z","description":"Head
        over the Snoqualmie Mt Notch, then climb the S ridge of Avalanche Mt","user_id":1}},{"id":"4","type":"trip","attributes":{"name":"Avalanche
        Mountain","zone_id":427,"start_date":"2023-12-30T00:00:00.000Z","description":"Head
        over the Snoqualmie Mt Notch, then climb the S ridge of Avalanche Mt","user_id":1}},{"id":"5","type":"trip","attributes":{"name":"Avalanche
        Mountain","zone_id":427,"start_date":"2023-12-30T00:00:00.000Z","description":"Head
        over the Snoqualmie Mt Notch, then climb the S ridge of Avalanche Mt","user_id":1}},{"id":"6","type":"trip","attributes":{"name":"Avalanche
        Mountain","zone_id":427,"start_date":"2023-12-30T00:00:00.000Z","description":"Head
        over the Snoqualmie Mt Notch, then climb the S ridge of Avalanche Mt","user_id":1}},{"id":"7","type":"trip","attributes":{"name":"Avalanche
        Mountain","zone_id":427,"start_date":"2023-12-30T00:00:00.000Z","description":"Head
        over the Snoqualmie Mt Notch, then climb the S ridge of Avalanche Mt","user_id":1}}]}'
  recorded_at: Wed, 09 Nov 2022 03:37:27 GMT
- request:
    method: get
    uri: http://localhost:5000/api/v1/users/1/emergency_contacts
    body:
      encoding: US-ASCII
      string: ''
    headers:
      User-Agent:
      - Faraday v2.6.0
      Accept-Encoding:
      - gzip;q=1.0,deflate;q=0.6,identity;q=0.3
      Accept:
      - "*/*"
  response:
    status:
      code: 200
      message: OK
    headers:
      Content-Type:
      - application/json; charset=utf-8
      Etag:
      - W/"529c6534574cfe647557f2bf86841815"
      Cache-Control:
      - max-age=0, private, must-revalidate
      X-Request-Id:
      - d33dbdb3-9b9f-4dd6-bd84-57bff8930338
      X-Runtime:
      - '0.001639'
      Transfer-Encoding:
      - chunked
    body:
      encoding: UTF-8
      string: '{"data":[{"id":"1","type":"emergency_contact","attributes":{"name":"Dad","phone_number":"1
        800 588 2300","user_id":1}},{"id":"2","type":"emergency_contact","attributes":{"name":"Not
        the contact you wanna call","phone_number":"911","user_id":1}}]}'
  recorded_at: Wed, 09 Nov 2022 03:37:27 GMT
recorded_with: VCR 6.1.0
